
2025/05/01 (10:25:55) | ===> btop++ v.1.4.0
2025/05/01 (10:25:55) | INFO: Logger set to INFO
2025/05/01 (10:25:56) | INFO: Logger set to DEBUG
2025/05/01 (10:25:59) | INFO: Logger set to INFO

2025/08/22 (11:28:02) | ===> btop++ v.1.4.0
2025/08/22 (11:28:02) | WARNING: Intel GPU: Failed to initialize PMU

2025/08/22 (11:31:02) | ===> btop++ v.1.4.0
2025/08/22 (11:31:02) | WARNING: Intel GPU: Failed to initialize PMU

2025/08/22 (11:31:26) | ===> btop++ v.1.4.0
2025/08/22 (11:31:26) | WARNING: Intel GPU: Failed to initialize PMU
2025/08/22 (11:32:51) | WARNING: Failed to get disk/partition stats for mount "/media/secondary_drive" with statvfs error code: 19. Ignoring...

2025/08/22 (11:35:11) | ===> btop++ v.1.4.0
2025/08/22 (11:35:11) | WARNING: Intel GPU: Failed to initialize PMU

2025/08/22 (20:09:06) | ===> btop++ v.1.4.0
2025/08/22 (20:09:06) | WARNING: Intel GPU: Failed to initialize PMU

2025/08/23 (21:04:28) | ===> btop++ v.1.4.0
2025/08/23 (21:04:28) | WARNING: Intel GPU: Failed to initialize PMU

2025/08/23 (21:15:13) | ===> btop++ v.1.4.0
2025/08/23 (21:15:13) | WARNING: Intel GPU: Failed to initialize PMU

2025/08/23 (21:20:48) | ===> btop++ v.1.4.0
2025/08/23 (21:20:48) | WARNING: Intel GPU: Failed to initialize PMU

2025/08/24 (19:04:49) | ===> btop++ v.1.4.0
2025/08/24 (19:04:49) | WARNING: Intel GPU: Failed to initialize PMU

2025/08/24 (19:04:58) | ===> btop++ v.1.4.0
2025/08/24 (19:04:58) | WARNING: Intel GPU: Failed to initialize PMU
2025/08/24 (19:06:20) | WARNING: Failed to get disk/partition stats for mount "/media/secondary_drive" with statvfs error code: 19. Ignoring...

2025/08/24 (19:19:28) | ===> btop++ v.1.4.0
2025/08/24 (19:19:28) | WARNING: Intel GPU: Failed to initialize PMU

2025/08/24 (19:19:58) | ===> btop++ v.1.4.0
2025/08/24 (19:19:58) | WARNING: Intel GPU: Failed to initialize PMU

2025/08/24 (19:26:17) | ===> btop++ v.1.4.0
2025/08/24 (19:26:17) | WARNING: Intel GPU: Failed to initialize PMU

2025/08/24 (19:34:18) | ===> btop++ v.1.4.0
2025/08/24 (19:34:18) | WARNING: Intel GPU: Failed to initialize PMU

2025/08/24 (19:34:24) | ===> btop++ v.1.4.0
2025/08/24 (19:34:24) | WARNING: Intel GPU: Failed to initialize PMU

2025/08/24 (19:46:48) | ===> btop++ v.1.4.0
2025/08/24 (19:46:48) | WARNING: Intel GPU: Failed to initialize PMU

2025/08/24 (19:46:56) | ===> btop++ v.1.4.0
2025/08/24 (19:46:56) | WARNING: Intel GPU: Failed to initialize PMU

2025/08/24 (21:10:59) | ===> btop++ v.1.4.0
2025/08/24 (21:10:59) | WARNING: Intel GPU: Failed to initialize PMU

2025/08/24 (21:32:53) | ===> btop++ v.1.4.0
2025/08/24 (21:32:53) | WARNING: Intel GPU: Failed to initialize PMU

2025/08/24 (21:39:07) | ===> btop++ v.1.4.0
2025/08/24 (21:39:07) | WARNING: Intel GPU: Failed to initialize PMU

2025/08/24 (21:40:24) | ===> btop++ v.1.4.0
2025/08/24 (21:40:24) | WARNING: Intel GPU: Failed to initialize PMU

2025/08/24 (21:44:35) | ===> btop++ v.1.4.0
2025/08/24 (21:44:35) | WARNING: Intel GPU: Failed to initialize PMU

2025/08/24 (21:44:41) | ===> btop++ v.1.4.0
2025/08/24 (21:44:41) | WARNING: Intel GPU: Failed to initialize PMU

2025/08/24 (21:44:46) | ===> btop++ v.1.4.0
2025/08/24 (21:44:46) | WARNING: Intel GPU: Failed to initialize PMU

2025/08/24 (21:44:50) | ===> btop++ v.1.4.0
2025/08/24 (21:44:50) | WARNING: Intel GPU: Failed to initialize PMU

2025/08/24 (21:46:46) | ===> btop++ v.1.4.0
2025/08/24 (21:46:46) | WARNING: Intel GPU: Failed to initialize PMU

2025/08/24 (21:48:51) | ===> btop++ v.1.4.0
2025/08/24 (21:48:51) | WARNING: Intel GPU: Failed to initialize PMU

2025/08/24 (22:07:18) | ===> btop++ v.1.4.0
2025/08/24 (22:07:18) | WARNING: Intel GPU: Failed to initialize PMU

2025/08/24 (22:07:24) | ===> btop++ v.1.4.0
2025/08/24 (22:07:24) | WARNING: Intel GPU: Failed to initialize PMU

2025/08/24 (22:11:51) | ===> btop++ v.1.4.0
2025/08/24 (22:11:51) | WARNING: Intel GPU: Failed to initialize PMU

2025/08/24 (22:11:56) | ===> btop++ v.1.4.0
2025/08/24 (22:11:56) | WARNING: Intel GPU: Failed to initialize PMU

2025/08/25 (18:27:02) | ===> btop++ v.1.4.0
2025/08/25 (18:27:02) | WARNING: Intel GPU: Failed to initialize PMU

2025/08/25 (18:27:06) | ===> btop++ v.1.4.0
2025/08/25 (18:27:06) | WARNING: Intel GPU: Failed to initialize PMU

2025/08/25 (18:36:29) | ===> btop++ v.1.4.0
2025/08/25 (18:36:29) | WARNING: Intel GPU: Failed to initialize PMU

2025/08/25 (18:54:05) | ===> btop++ v.1.4.0
2025/08/25 (18:54:05) | WARNING: Intel GPU: Failed to initialize PMU

2025/08/25 (18:54:22) | ===> btop++ v.1.4.0
2025/08/25 (18:54:22) | WARNING: Intel GPU: Failed to initialize PMU

2025/08/25 (19:07:45) | ===> btop++ v.1.4.0
2025/08/25 (19:07:45) | WARNING: Intel GPU: Failed to initialize PMU

2025/08/25 (19:07:56) | ===> btop++ v.1.4.0
2025/08/25 (19:07:56) | WARNING: Intel GPU: Failed to initialize PMU

2025/08/25 (19:08:01) | ===> btop++ v.1.4.0
2025/08/25 (19:08:01) | WARNING: Intel GPU: Failed to initialize PMU

2025/08/25 (20:42:48) | ===> btop++ v.1.4.0
2025/08/25 (20:42:48) | WARNING: Intel GPU: Failed to initialize PMU

2025/08/25 (20:48:47) | ===> btop++ v.1.4.0
2025/08/25 (20:48:47) | WARNING: Intel GPU: Failed to initialize PMU

2025/08/26 (14:47:23) | ===> btop++ v.1.4.0
2025/08/26 (14:47:23) | WARNING: Intel GPU: Failed to initialize PMU

2025/08/26 (15:04:48) | ===> btop++ v.1.4.0
2025/08/26 (15:04:48) | WARNING: Intel GPU: Failed to initialize PMU

2025/08/26 (15:04:54) | ===> btop++ v.1.4.0
2025/08/26 (15:04:54) | WARNING: Intel GPU: Failed to initialize PMU

2025/08/26 (15:56:46) | ===> btop++ v.1.4.0
2025/08/26 (15:56:46) | WARNING: Intel GPU: Failed to initialize PMU
2025/08/26 (15:58:18) | WARNING: Failed to get disk/partition stats for mount "/media/secondary_drive" with statvfs error code: 19. Ignoring...

2025/08/26 (16:52:07) | ===> btop++ v.1.4.0
2025/08/26 (16:52:07) | WARNING: Intel GPU: Failed to initialize PMU

2025/08/26 (16:52:13) | ===> btop++ v.1.4.0
2025/08/26 (16:52:13) | WARNING: Intel GPU: Failed to initialize PMU

2025/08/26 (16:52:23) | ===> btop++ v.1.4.0
2025/08/26 (16:52:23) | WARNING: Intel GPU: Failed to initialize PMU

2025/08/26 (16:52:30) | ===> btop++ v.1.4.0
2025/08/26 (16:52:30) | WARNING: Intel GPU: Failed to initialize PMU

2025/08/26 (16:52:35) | ===> btop++ v.1.4.0
2025/08/26 (16:52:35) | WARNING: Intel GPU: Failed to initialize PMU

2025/08/26 (16:52:40) | ===> btop++ v.1.4.0
2025/08/26 (16:52:40) | WARNING: Intel GPU: Failed to initialize PMU

2025/08/26 (16:52:45) | ===> btop++ v.1.4.0
2025/08/26 (16:52:45) | WARNING: Intel GPU: Failed to initialize PMU

2025/08/26 (17:46:48) | ===> btop++ v.1.4.0
2025/08/26 (17:46:48) | WARNING: Intel GPU: Failed to initialize PMU
2025/08/26 (17:48:20) | WARNING: Failed to get disk/partition stats for mount "/media/secondary_drive" with statvfs error code: 19. Ignoring...

2025/08/26 (17:56:28) | ===> btop++ v.1.4.0
2025/08/26 (17:56:28) | WARNING: Intel GPU: Failed to initialize PMU

2025/08/26 (18:33:54) | ===> btop++ v.1.4.0
2025/08/26 (18:33:54) | WARNING: Intel GPU: Failed to initialize PMU

2025/08/26 (20:51:24) | ===> btop++ v.1.4.0
2025/08/26 (20:51:24) | WARNING: Intel GPU: Failed to initialize PMU

2025/08/26 (21:08:06) | ===> btop++ v.1.4.0
2025/08/26 (21:08:06) | WARNING: Intel GPU: Failed to initialize PMU
2025/08/26 (21:09:39) | WARNING: Failed to get disk/partition stats for mount "/media/secondary_drive" with statvfs error code: 19. Ignoring...

2025/08/26 (21:11:38) | ===> btop++ v.1.4.0
2025/08/26 (21:11:38) | WARNING: Intel GPU: Failed to initialize PMU
2025/08/26 (21:13:10) | WARNING: Failed to get disk/partition stats for mount "/media/secondary_drive" with statvfs error code: 19. Ignoring...

2025/08/26 (22:59:50) | ===> btop++ v.1.4.0
2025/08/26 (22:59:50) | WARNING: Intel GPU: Failed to initialize PMU

2025/08/27 (00:11:48) | ===> btop++ v.1.4.0
2025/08/27 (00:11:48) | WARNING: Intel GPU: Failed to initialize PMU

2025/08/29 (21:10:32) | ===> btop++ v.1.4.0
2025/08/29 (21:10:32) | WARNING: Intel GPU: Failed to initialize PMU

2025/08/29 (21:10:53) | ===> btop++ v.1.4.0
2025/08/29 (21:10:53) | WARNING: Intel GPU: Failed to initialize PMU

2025/08/29 (21:10:58) | ===> btop++ v.1.4.0
2025/08/29 (21:10:58) | WARNING: Intel GPU: Failed to initialize PMU

2025/08/29 (21:11:04) | ===> btop++ v.1.4.0
2025/08/29 (21:11:04) | WARNING: Intel GPU: Failed to initialize PMU
2025/08/29 (21:12:02) | WARNING: Failed to get disk/partition stats for mount "/media/secondary_drive" with statvfs error code: 19. Ignoring...

2025/08/29 (21:57:20) | ===> btop++ v.1.4.0
2025/08/29 (21:57:20) | WARNING: Intel GPU: Failed to initialize PMU

2025/08/29 (21:57:25) | ===> btop++ v.1.4.0
2025/08/29 (21:57:25) | WARNING: Intel GPU: Failed to initialize PMU

2025/08/29 (21:57:30) | ===> btop++ v.1.4.0
2025/08/29 (21:57:30) | WARNING: Intel GPU: Failed to initialize PMU

2025/08/29 (21:57:35) | ===> btop++ v.1.4.0
2025/08/29 (21:57:35) | WARNING: Intel GPU: Failed to initialize PMU

2025/08/29 (21:57:39) | ===> btop++ v.1.4.0
2025/08/29 (21:57:39) | WARNING: Intel GPU: Failed to initialize PMU

2025/08/29 (21:57:44) | ===> btop++ v.1.4.0
2025/08/29 (21:57:44) | WARNING: Intel GPU: Failed to initialize PMU
2025/08/29 (21:58:50) | WARNING: Failed to get disk/partition stats for mount "/media/secondary_drive" with statvfs error code: 19. Ignoring...

2025/08/29 (23:48:33) | ===> btop++ v.1.4.0
2025/08/29 (23:48:33) | WARNING: Intel GPU: Failed to initialize PMU

2025/08/29 (23:49:37) | ===> btop++ v.1.4.0
2025/08/29 (23:49:37) | WARNING: Intel GPU: Failed to initialize PMU

2025/08/29 (23:50:21) | ===> btop++ v.1.4.0
2025/08/29 (23:50:21) | WARNING: Intel GPU: Failed to initialize PMU

2025/08/29 (23:52:23) | ===> btop++ v.1.4.0
2025/08/29 (23:52:23) | WARNING: Intel GPU: Failed to initialize PMU

2025/08/29 (23:52:29) | ===> btop++ v.1.4.0
2025/08/29 (23:52:29) | WARNING: Intel GPU: Failed to initialize PMU

2025/08/29 (23:52:50) | ===> btop++ v.1.4.0
2025/08/29 (23:52:50) | WARNING: Intel GPU: Failed to initialize PMU

2025/08/29 (23:54:05) | ===> btop++ v.1.4.0
2025/08/29 (23:54:05) | WARNING: Intel GPU: Failed to initialize PMU

2025/08/29 (23:57:59) | ===> btop++ v.1.4.0
2025/08/29 (23:57:59) | WARNING: Intel GPU: Failed to initialize PMU

2025/08/29 (23:58:07) | ===> btop++ v.1.4.0
2025/08/29 (23:58:07) | WARNING: Intel GPU: Failed to initialize PMU

2025/08/30 (00:00:39) | ===> btop++ v.1.4.0
2025/08/30 (00:00:39) | WARNING: Intel GPU: Failed to initialize PMU

2025/08/30 (00:00:45) | ===> btop++ v.1.4.0
2025/08/30 (00:00:45) | WARNING: Intel GPU: Failed to initialize PMU

2025/08/30 (00:01:06) | ===> btop++ v.1.4.0
2025/08/30 (00:01:06) | WARNING: Intel GPU: Failed to initialize PMU

2025/08/30 (00:05:00) | ===> btop++ v.1.4.0
2025/08/30 (00:05:00) | WARNING: Intel GPU: Failed to initialize PMU

2025/08/30 (00:05:17) | ===> btop++ v.1.4.0
2025/08/30 (00:05:17) | WARNING: Intel GPU: Failed to initialize PMU

2025/08/30 (00:06:31) | ===> btop++ v.1.4.0
2025/08/30 (00:06:31) | WARNING: Intel GPU: Failed to initialize PMU

2025/08/30 (00:06:37) | ===> btop++ v.1.4.0
2025/08/30 (00:06:37) | WARNING: Intel GPU: Failed to initialize PMU

2025/08/30 (00:07:32) | ===> btop++ v.1.4.0
2025/08/30 (00:07:32) | WARNING: Intel GPU: Failed to initialize PMU

2025/08/30 (00:10:18) | ===> btop++ v.1.4.0
2025/08/30 (00:10:18) | WARNING: Intel GPU: Failed to initialize PMU

2025/08/30 (00:14:28) | ===> btop++ v.1.4.0
2025/08/30 (00:14:28) | WARNING: Intel GPU: Failed to initialize PMU

2025/08/30 (00:14:46) | ===> btop++ v.1.4.0
2025/08/30 (00:14:46) | WARNING: Intel GPU: Failed to initialize PMU

2025/08/30 (00:14:54) | ===> btop++ v.1.4.0
2025/08/30 (00:14:54) | WARNING: Intel GPU: Failed to initialize PMU

2025/08/30 (00:16:06) | ===> btop++ v.1.4.0
2025/08/30 (00:16:06) | WARNING: Intel GPU: Failed to initialize PMU

2025/08/30 (00:19:15) | ===> btop++ v.1.4.0
2025/08/30 (00:19:15) | WARNING: Intel GPU: Failed to initialize PMU

2025/08/30 (00:19:20) | ===> btop++ v.1.4.0
2025/08/30 (00:19:20) | WARNING: Intel GPU: Failed to initialize PMU

2025/08/30 (00:19:53) | ===> btop++ v.1.4.0
2025/08/30 (00:19:53) | WARNING: Intel GPU: Failed to initialize PMU

2025/08/30 (00:22:22) | ===> btop++ v.1.4.0
2025/08/30 (00:22:22) | WARNING: Intel GPU: Failed to initialize PMU

2025/08/30 (11:36:54) | ===> btop++ v.1.4.0
2025/08/30 (11:36:54) | WARNING: Intel GPU: Failed to initialize PMU

2025/08/30 (11:37:15) | ===> btop++ v.1.4.0
2025/08/30 (11:37:15) | WARNING: Intel GPU: Failed to initialize PMU

2025/08/30 (12:07:20) | ===> btop++ v.1.4.0
2025/08/30 (12:07:20) | WARNING: Intel GPU: Failed to initialize PMU

2025/08/30 (12:11:40) | ===> btop++ v.1.4.0
2025/08/30 (12:11:40) | WARNING: Intel GPU: Failed to initialize PMU

2025/08/30 (12:13:32) | ===> btop++ v.1.4.0
2025/08/30 (12:13:32) | WARNING: Intel GPU: Failed to initialize PMU

2025/08/31 (12:06:18) | ===> btop++ v.1.4.0
2025/08/31 (12:06:18) | WARNING: Intel GPU: Failed to initialize PMU

2025/08/31 (23:00:13) | ===> btop++ v.1.4.0
2025/08/31 (23:00:13) | WARNING: Intel GPU: Failed to initialize PMU

2025/08/31 (23:05:59) | ===> btop++ v.1.4.0
2025/08/31 (23:05:59) | WARNING: Intel GPU: Failed to initialize PMU

2025/09/02 (10:30:51) | ===> btop++ v.1.4.0
2025/09/02 (10:30:51) | WARNING: Intel GPU: Failed to initialize PMU

2025/09/02 (10:32:49) | ===> btop++ v.1.4.0
2025/09/02 (10:32:49) | WARNING: Intel GPU: Failed to initialize PMU

2025/09/02 (10:47:23) | ===> btop++ v.1.4.0
2025/09/02 (10:47:23) | WARNING: Intel GPU: Failed to initialize PMU

2025/09/02 (11:24:05) | ===> btop++ v.1.4.0
2025/09/02 (11:24:05) | WARNING: Intel GPU: Failed to initialize PMU
2025/09/02 (11:25:35) | WARNING: Failed to get disk/partition stats for mount "/media/secondary_drive" with statvfs error code: 19. Ignoring...

2025/09/02 (15:23:12) | ===> btop++ v.1.4.0
2025/09/02 (15:23:12) | WARNING: Intel GPU: Failed to initialize PMU

2025/09/02 (15:24:15) | ===> btop++ v.1.4.0
2025/09/02 (15:24:15) | WARNING: Intel GPU: Failed to initialize PMU

2025/09/02 (15:24:58) | ===> btop++ v.1.4.0
2025/09/02 (15:24:58) | WARNING: Intel GPU: Failed to initialize PMU

2025/09/02 (15:31:50) | ===> btop++ v.1.4.0
2025/09/02 (15:31:50) | WARNING: Intel GPU: Failed to initialize PMU
2025/09/02 (15:33:22) | WARNING: Failed to get disk/partition stats for mount "/media/secondary_drive" with statvfs error code: 19. Ignoring...

2025/09/03 (08:07:03) | ===> btop++ v.1.4.0
2025/09/03 (08:07:03) | WARNING: Intel GPU: Failed to initialize PMU

2025/09/03 (08:33:09) | ===> btop++ v.1.4.0
2025/09/03 (08:33:09) | WARNING: Intel GPU: Failed to initialize PMU

2025/09/03 (11:14:28) | ===> btop++ v.1.4.0
2025/09/03 (11:14:28) | WARNING: Intel GPU: Failed to initialize PMU

2025/09/03 (12:48:06) | ===> btop++ v.1.4.0
2025/09/03 (12:48:06) | WARNING: Intel GPU: Failed to initialize PMU

2025/09/03 (14:06:18) | ===> btop++ v.1.4.0
2025/09/03 (14:06:18) | WARNING: Intel GPU: Failed to initialize PMU

2025/09/03 (14:37:52) | ===> btop++ v.1.4.0
2025/09/03 (14:37:52) | WARNING: Intel GPU: Failed to initialize PMU

2025/09/04 (11:48:36) | ===> btop++ v.1.4.0
2025/09/04 (11:48:36) | WARNING: Intel GPU: Failed to initialize PMU

2025/09/04 (12:38:44) | ===> btop++ v.1.4.0
2025/09/04 (12:38:44) | WARNING: Intel GPU: Failed to initialize PMU

2025/09/07 (12:40:37) | ===> btop++ v.1.4.0
2025/09/07 (12:40:37) | WARNING: Intel GPU: Failed to initialize PMU
2025/09/07 (12:42:09) | WARNING: Failed to get disk/partition stats for mount "/media/secondary_drive" with statvfs error code: 19. Ignoring...
